
> starter_helpi@0.1.0 test
> react-scripts test --coverage

FAIL src/App.test.tsx
  ✕ renders learn react link (43 ms)

  ● renders learn react link

    TestingLibraryElementError: Unable to find an element with the text: /learn react/i. This could be because the text is broken up by multiple elements. In this case, you can provide a function for your text matcher to make your matcher more flexible.

    Ignored nodes: comments, script, style
    [36m<body>[39m
      [36m<div>[39m
        [36m<div[39m
          [33mclass[39m=[32m"App"[39m
        [36m>[39m
          [36m<div[39m
            [33mclass[39m=[32m"mynavbar"[39m
          [36m>[39m
            [36m<img[39m
              [33malt[39m=[32m"pingas"[39m
              [33mclass[39m=[32m"test-image"[39m
              [33msrc[39m=[32m"navbarlogo.png"[39m
            [36m/>[39m
            [36m<button[39m
              [33mclass[39m=[32m"nav-button button-style btn btn-primary"[39m
              [33mtype[39m=[32m"button"[39m
            [36m>[39m
              [0mHome[0m
            [36m</button>[39m
            [36m<button[39m
              [33mclass[39m=[32m"nav-button button-style rightalign btn btn-primary"[39m
              [33mtype[39m=[32m"button"[39m
            [36m>[39m
              [0mLog In / Sign Up[0m
            [36m</button>[39m
          [36m</div>[39m
          [36m<div[39m
            [33mid[39m=[32m"app-body"[39m
          [36m>[39m
            [36m<div[39m
              [33mclass[39m=[32m"page"[39m
            [36m>[39m
              [36m<div[39m
                [33mclass[39m=[32m"container"[39m
                [33mid[39m=[32m"home"[39m
              [36m>[39m
                [36m<div[39m
                  [33mclass[39m=[32m"row"[39m
                [36m>[39m
                  [36m<div[39m
                    [33mclass[39m=[32m"col"[39m
                  [36m>[39m
                    [36m<div[39m
                      [33mclass[39m=[32m"image-container"[39m
                    [36m>[39m
                      [36m<img[39m
                        [33malt[39m=[32m"A sillouette of a man with a white question mark on his chest"[39m
                        [33msrc[39m=[32m"mainimage.png"[39m
                      [36m/>[39m
                    [36m</div>[39m
                  [36m</div>[39m
                  [36m<div[39m
                    [33mclass[39m=[32m"col"[39m
                  [36m>[39m
                    [36m<h1>[39m
                      [0m Seeking Answers?[0m
                    [36m</h1>[39m
                    [36m<p>[39m
                      [0mNot sure where you see yourself in the future? You're only one click away from finding out.[0m
                    [36m</p>[39m
                    [36m<button[39m
                      [33mclass[39m=[32m"button-style basic-quiz-button btn btn-primary"[39m
                      [33mstyle[39m=[32m"font-size: 45px; border-width: 0.6vh;"[39m
                      [33mtype[39m=[32m"button"[39m
                    [36m>[39m
                      [0mStart Quiz[0m
                    [36m</button>[39m
                    [36m<br />[39m
                    [36m<div>[39m
                      [36m<p[39m
                        [33mstyle[39m=[32m"font-size: 24px; display: inline;"[39m
                      [36m>[39m
                        [0mHave some extra time to spend? Try out our ​[0m
                        [36m<button[39m
                          [33mclass[39m=[32m"link-button"[39m
                        [36m>[39m
                          [0mDetailed Quiz[0m
                        [36m</button>[39m
                        [0m.[0m
                      [36m</p>[39m
                    [36m</div>[39m
                  [36m</div>[39m
                [36m</div>[39m
              [36m</div>[39m
            [36m</div>[39m
            [36m<div[39m
              [33mclass[39m=[32m"footer"[39m
            [36m>[39m
              [36m<form[39m
                [33mclass[39m=[32m""[39m
              [36m>[39m
                [36m<label[39m
                  [33mclass[39m=[32m"form-label"[39m
                [36m>[39m
                  [0mAPI Key:[0m
                [36m</label>[39m
                [36m<input[39m
                  [33mclass[39m=[32m"form-control"[39m
                  [33mplaceholder[39m=[32m"Insert API Key Here"[39m
                  [33mtype[39m=[32m"password"[39m
                [36m/>[39m
                [36m<br />[39m
                [36m<button[39m
                  [33mclass[39m=[32m"button-style btn btn-primary"[39m
                  [33mtype[39m=[32m"button"[39m
                [36m>[39m
                  [0mSubmit[0m
                [36m</button>[39m
              [36m</form>[39m
              [36m<p>[39m
                [0m Sophia Heicksen, Samhain Ackerman, Leif Keane, Henry Leap [0m
              [36m</p>[39m
              [36m<p>[39m
                [0m Date of most recent deploy: [0m
                [0m2025-04-28 03:09:48[0m
                [0m [0m
              [36m</p>[39m
            [36m</div>[39m
          [36m</div>[39m
        [36m</div>[39m
      [36m</div>[39m
    [36m</body>[39m

       5 | test('renders learn react link', () => {
       6 |   render(<App />);
    >  7 |   const linkElement = screen.getByText(/learn react/i);
         |                              ^
       8 |   expect(linkElement).toBeInTheDocument();
       9 | });
      10 |

      at Object.getElementError (node_modules/@testing-library/react/node_modules/@testing-library/dom/dist/config.js:37:19)
      at node_modules/@testing-library/react/node_modules/@testing-library/dom/dist/query-helpers.js:76:38
      at node_modules/@testing-library/react/node_modules/@testing-library/dom/dist/query-helpers.js:52:17
      at getByText (node_modules/@testing-library/react/node_modules/@testing-library/dom/dist/query-helpers.js:95:19)
      at Object.<anonymous> (src/App.test.tsx:7:30)
      at TestScheduler.scheduleTests (node_modules/@jest/core/build/TestScheduler.js:333:13)
      at runJest (node_modules/@jest/core/build/runJest.js:404:19)
      at _run10000 (node_modules/@jest/core/build/cli/index.js:320:7)
      at runCLI (node_modules/@jest/core/build/cli/index.js:173:3)

-----------------------------|---------|----------|---------|---------|-------------------
File                         | % Stmts | % Branch | % Funcs | % Lines | Uncovered Line #s 
-----------------------------|---------|----------|---------|---------|-------------------
All files                    |   11.97 |       10 |       8 |   12.02 |                   
 src                         |   30.43 |    16.66 |   14.28 |   30.43 |                   
  App.tsx                    |   58.33 |       50 |      20 |   58.33 | 33-46             
  custom-types.tsx           |       0 |        0 |       0 |       0 |                   
  index.tsx                  |       0 |      100 |     100 |       0 | 7-19              
  reportWebVitals.ts         |       0 |        0 |       0 |       0 | 3-10              
 src/components              |    11.4 |     6.81 |    6.38 |   11.11 |                   
  basic-questions.tsx        |   36.36 |        0 |   14.28 |   36.84 | 34-52             
  completion-alert.tsx       |       0 |      100 |       0 |       0 | 7                 
  detailed-questions.tsx     |    2.63 |        0 |       0 |    2.77 | 21-90             
  home.tsx                   |   33.33 |      100 |   33.33 |   33.33 | 23-28             
  loading-screen.tsx         |   33.33 |        0 |       0 |      40 | 13-17             
  login.tsx                  |       0 |        0 |       0 |       0 | 11-36             
  navbar.tsx                 |      25 |     37.5 |      25 |      25 | 23-32             
  progress-bar.tsx           |       0 |      100 |       0 |       0 | 9-10              
  results-button.tsx         |       0 |        0 |       0 |       0 | 13-17             
  results.tsx                |       0 |        0 |       0 |       0 | 15-52             
  scaled-question.tsx        |       0 |      100 |       0 |       0 | 12-24             
  text-question.tsx          |       0 |      100 |       0 |       0 | 11-14             
 src/functions               |   11.11 |        0 |    12.5 |   14.28 |                   
  login.ts                   |   33.33 |      100 |      50 |   33.33 | 5-6               
  storage.ts                 |       0 |        0 |       0 |       0 | 8-33              
 src/gemini                  |    4.54 |       25 |    9.09 |    4.65 |                   
  ai-conversation-handler.ts |    4.54 |       25 |    9.09 |    4.65 | 12,28-131         
 src/interfaces              |       0 |      100 |       0 |       0 |                   
  analysis.ts                |       0 |        0 |       0 |       0 |                   
  career.ts                  |       0 |        0 |       0 |       0 |                   
  question.ts                |       0 |      100 |       0 |       0 | 10-13             
  report.ts                  |       0 |        0 |       0 |       0 |                   
  responses.ts               |       0 |        0 |       0 |       0 |                   
  user.ts                    |       0 |        0 |       0 |       0 |                   
-----------------------------|---------|----------|---------|---------|-------------------
Test Suites: 1 failed, 1 total
Tests:       1 failed, 1 total
Snapshots:   0 total
Time:        3.122 s
Ran all test suites.
[0;33mOne of your dependencies, babel-preset-react-app, is importing the
"@babel/plugin-proposal-private-property-in-object" package without
declaring it in its dependencies. This is currently working because
"@babel/plugin-proposal-private-property-in-object" is already in your
node_modules folder for unrelated reasons, but it [1mmay break at any time[0;33m.

babel-preset-react-app is part of the create-react-app project, [1mwhich
is not maintianed anymore[0;33m. It is thus unlikely that this bug will
ever be fixed. Add "@babel/plugin-proposal-private-property-in-object" to
your devDependencies to work around this error. This will make this message
go away.[0m
  
